Component: Arm Compiler for Embedded 6.19 Tool: armlink [5e73cb00]

==============================================================================

Small function inlining results

Inlined total of 0 calls.

==============================================================================

Memory Map of the image

  Image Entry point : 0x00100155

  Load Region LR_IROM (Base: 0x00100000, Size: 0x00000b28, Max: 0x00001000, ABSOLUTE)

    Execution Region ER_IROM (Exec base: 0x00100000, Load base: 0x00100000, Size: 0x00000a4c, Max: 0x00001000, ABSOLUTE)

    Exec Addr    Load Addr    Size         Type   Attr      Idx    E Section Name        Object

    0x00100000   0x00100000   0x00000140   Data   RO            3    RESET               startup_m251_user.o
    0x00100140   0x00100140   0x00000000   Code   RO          163  * .ARM.Collect$$$$00000000  mc_p.l(entry.o)
    0x00100140   0x00100140   0x00000004   Code   RO          164    .ARM.Collect$$$$00000001  mc_p.l(entry2.o)
    0x00100144   0x00100144   0x00000004   Code   RO          167    .ARM.Collect$$$$00000004  mc_p.l(entry5.o)
    0x00100148   0x00100148   0x00000000   Code   RO          169    .ARM.Collect$$$$00000008  mc_p.l(entry7b.o)
    0x00100148   0x00100148   0x00000000   Code   RO          171    .ARM.Collect$$$$0000000A  mc_p.l(entry8b.o)
    0x00100148   0x00100148   0x00000008   Code   RO          172    .ARM.Collect$$$$0000000B  mc_p.l(entry9a.o)
    0x00100150   0x00100150   0x00000000   Code   RO          174    .ARM.Collect$$$$0000000D  mc_p.l(entry10a.o)
    0x00100150   0x00100150   0x00000000   Code   RO          176    .ARM.Collect$$$$0000000F  mc_p.l(entry11a.o)
    0x00100150   0x00100150   0x00000004   Code   RO          165    .ARM.Collect$$$$00002712  mc_p.l(entry2.o)
    0x00100154   0x00100154   0x00000050   Code   RO            4  * .text               startup_m251_user.o
    0x001001a4   0x001001a4   0x00000024   Code   RO          178    .text               mc_p.l(init.o)
    0x001001c8   0x001001c8   0x0000001c   Code   RO           65    .text.EP2_Handler   hid_transfer.o
    0x001001e4   0x001001e4   0x00000024   Code   RO           63    .text.EP3_Handler   hid_transfer.o
    0x00100208   0x00100208   0x00000054   Code   RO           85    .text.FMC_Proc      fmc_user.o
    0x0010025c   0x0010025c   0x00000048   Code   RO           71    .text.HID_ClassRequest  hid_transfer.o
    0x001002a4   0x001002a4   0x0000003c   Code   RO           69    .text.HID_Init      hid_transfer.o
    0x001002e0   0x001002e0   0x00000090   Code   RO          109    .text.ParseCmd      isp_user.o
    0x00100370   0x00100370   0x0000000c   Code   RO           93    .text.ReadData      fmc_user.o
    0x0010037c   0x0010037c   0x00000074   Code   RO           46    .text.SYS_Init      main.o
    0x001003f0   0x001003f0   0x00000024   Code   RO           13    .text.SystemInit    system_m251.o
    0x00100414   0x00100414   0x00000080   Code   RO          142    .text.USBD_CtrlIn   usbd_user.o
    0x00100494   0x00100494   0x00000044   Code   RO          144    .text.USBD_CtrlOut  usbd_user.o
    0x001004d8   0x001004d8   0x000000a8   Code   RO          136    .text.USBD_GetDescriptor  usbd_user.o
    0x00100580   0x00100580   0x0000000c   Code   RO          128    .text.USBD_GetSetupPacket  usbd_user.o
    0x0010058c   0x0010058c   0x000000d8   Code   RO           61    .text.USBD_IRQHandler  hid_transfer.o
    0x00100664   0x00100664   0x00000010   Code   RO           67    .text.USBD_MemCopy  hid_transfer.o
    0x00100674   0x00100674   0x00000010   Code   RO          130    .text.USBD_MemCopy  usbd_user.o
    0x00100684   0x00100684   0x00000028   Code   RO          124    .text.USBD_Open     usbd_user.o
    0x001006ac   0x001006ac   0x00000058   Code   RO          138    .text.USBD_PrepareCtrlIn  usbd_user.o
    0x00100704   0x00100704   0x00000058   Code   RO          132    .text.USBD_ProcessSetupPacket  usbd_user.o
    0x0010075c   0x0010075c   0x00000020   Code   RO           73    .text.USBD_SetStall  hid_transfer.o
    0x0010077c   0x0010077c   0x0000014c   Code   RO          134    .text.USBD_StandardRequest  usbd_user.o
    0x001008c8   0x001008c8   0x00000028   Code   RO          126    .text.USBD_Start    usbd_user.o
    0x001008f0   0x001008f0   0x0000003c   Code   RO          146    .text.USBD_SwReset  usbd_user.o
    0x0010092c   0x0010092c   0x000000c4   Code   RO           48    .text.main          main.o
    0x001009f0   0x001009f0   0x0000000e   Code   RO          182    i.__scatterload_copy  mc_p.l(handlers.o)
    0x001009fe   0x001009fe   0x00000002   Code   RO          183    i.__scatterload_null  mc_p.l(handlers.o)
    0x00100a00   0x00100a00   0x0000000e   Code   RO          184    i.__scatterload_zeroinit  mc_p.l(handlers.o)
    0x00100a0e   0x00100a0e   0x00000002   PAD
    0x00100a10   0x00100a10   0x0000001c   Data   RO           38    .rodata.gsInfo      descriptors.o
    0x00100a2c   0x00100a2c   0x00000020   Data   RO          181    Region$$Table       anon$$obj.o


    Execution Region RW_IRAM (Exec base: 0x20000000, Load base: 0x00100a50, Size: 0x000005a0, Max: 0x00002000, ABSOLUTE)

    Exec Addr    Load Addr    Size         Type   Attr      Idx    E Section Name        Object

    0x20000000   0x00100a50   0x0000000c   Data   RW           18    .data..L_MergedGlobals  system_m251.o
    0x2000000c   0x00100a5c   0x0000001d   Data   RW           27    .data.HID_DeviceReportDescriptor  descriptors.o
    0x20000029   0x00100a79   0x00000003   PAD
    0x2000002c   0x00100a7c   0x00000004   Data   RW          111    .data.ParseCmd.g_packno  isp_user.o
    0x20000030   0x00100a80   0x00000004   Data   RW          154    .data.g_usbd_CtrlMaxPktSize  usbd_user.o
    0x20000034   0x00100a84   0x00000010   Data   RW           34    .data.gpu8UsbString  descriptors.o
    0x20000044   0x00100a94   0x0000000c   Data   RW           37    .data.gu32ConfigHidDescIdx  descriptors.o
    0x20000050   0x00100aa0   0x0000000c   Data   RW           36    .data.gu32UsbHidReportLen  descriptors.o
    0x2000005c   0x00100aac   0x0000000c   Data   RW           33    .data.gu8BOSDescriptor  descriptors.o
    0x20000068   0x00100ab8   0x00000029   Data   RW           29    .data.gu8ConfigDescriptor  descriptors.o
    0x20000091   0x00100ae1   0x00000012   Data   RW           28    .data.gu8DeviceDescriptor  descriptors.o
    0x200000a3   0x00100af3   0x00000010   Data   RW           32    .data.gu8ProductStringDesc  descriptors.o
    0x200000b3   0x00100b03   0x00000004   Data   RW           30    .data.gu8StringLang  descriptors.o
    0x200000b7   0x00100b07   0x00000001   PAD
    0x200000b8   0x00100b08   0x0000000c   Data   RW           35    .data.gu8UsbHidReport  descriptors.o
    0x200000c4   0x00100b14   0x00000010   Data   RW           31    .data.gu8VendorStringDesc  descriptors.o
    0x200000d4   0x00100b24   0x00000004   PAD
    0x200000d8        -       0x00000044   Zero   RW           76    .bss..L_MergedGlobals  hid_transfer.o
    0x2000011c   0x00100b24   0x00000004   PAD
    0x20000120        -       0x00000040   Zero   RW          155    .bss..L_MergedGlobals  usbd_user.o
    0x20000160        -       0x00000040   Zero   RW          112    .bss.response_buff  isp_user.o
    0x200001a0        -       0x00000400   Zero   RW            1    STACK               startup_m251_user.o


==============================================================================

Image component sizes


      Code (inc. data)   RO Data    RW Data    ZI Data      Debug   Object Name

         0          0         28        188          0       1322   descriptors.o
        96          0          0          0          0       3466   fmc_user.o
       460         28          0          0         68       3208   hid_transfer.o
       144         12          0          4         64       3876   isp_user.o
       312         60          0          0          0       4639   main.o
        80         22        320          0       1024        656   startup_m251_user.o
        36         12          0         12          0       4127   system_m251.o
      1040         64          0          4         64       6723   usbd_user.o

    ----------------------------------------------------------------------
      2168        198        380        212       1228      28017   Object Totals
         0          0         32          0          0          0   (incl. Generated)
         0          0          0          4          8          0   (incl. Padding)

    ----------------------------------------------------------------------

      Code (inc. data)   RO Data    RW Data    ZI Data      Debug   Library Member Name

         0          0          0          0          0          0   entry.o
         0          0          0          0          0          0   entry10a.o
         0          0          0          0          0          0   entry11a.o
         8          4          0          0          0          0   entry2.o
         4          0          0          0          0          0   entry5.o
         0          0          0          0          0          0   entry7b.o
         0          0          0          0          0          0   entry8b.o
         8          4          0          0          0          0   entry9a.o
        30          0          0          0          0          0   handlers.o
        36          8          0          0          0         68   init.o

    ----------------------------------------------------------------------
        88         16          0          0          0         68   Library Totals
         2          0          0          0          0          0   (incl. Padding)

    ----------------------------------------------------------------------

      Code (inc. data)   RO Data    RW Data    ZI Data      Debug   Library Name

        86         16          0          0          0         68   mc_p.l

    ----------------------------------------------------------------------
        88         16          0          0          0         68   Library Totals

    ----------------------------------------------------------------------

==============================================================================


      Code (inc. data)   RO Data    RW Data    ZI Data      Debug   

      2256        214        380        212       1228      28137   Grand Totals
      2256        214        380        212       1228      28137   ELF Image Totals
      2256        214        380        212          0          0   ROM Totals

==============================================================================

    Total RO  Size (Code + RO Data)                 2636 (   2.57kB)
    Total RW  Size (RW Data + ZI Data)              1440 (   1.41kB)
    Total ROM Size (Code + RO Data + RW Data)       2848 (   2.78kB)

==============================================================================

