<html>
<body>
<pre>
<h1>µVision Build Log</h1>
<h2>Tool Versions:</h2>
IDE-Version: µVision V5.38.0.0
Copyright (C) 2022 ARM Ltd and ARM Germany GmbH. All rights reserved.
License Information: 1 2, 3, LIC=T0DTC-7PZSI-1DHEK-CYII1-JWCZ1-LY2PK
 
Tool Versions:
Toolchain:       MDK-ARM Cortex-M0/M23 for Nuvoton  Version: 5.38.0.0
Toolchain Path:  C:\Keil_v5\ARM\ARMCLANG\Bin
C Compiler:      ArmClang.exe V6.19
Assembler:       Armasm.exe V6.19
Linker/Locator:  ArmLink.exe V6.19
Library Manager: ArmAr.exe V6.19
Hex Converter:   FromElf.exe V6.19
CPU DLL:         
Dialog DLL:      
Target DLL:      NULink\Nu_Link.dll V3.14
Dialog DLL:      TCM.DLL V1.56.4.0
 
<h2>Project:</h2>
C:\Users\jcliu\Desktop\M251BSP-master\SampleCode\ISP\APROM\KEIL\ISP_HID.uvprojx
Project File Date:  02/02/2024

<h2>Output:</h2>
*** Using Compiler 'V6.19', folder: 'C:\Keil_v5\ARM\ARMCLANG\Bin'
Rebuild target 'ISP_HID'
assembling startup_M251_user.s...
creating preprocessor file for system_M251.c...
creating preprocessor file for descriptors.c...
creating preprocessor file for main.c...
compiling descriptors.c...
compiling main.c...
creating list file for descriptors.c...
compiling system_M251.c...
creating list file for main.c...
creating list file for system_M251.c...
creating list file for hid_transfer.c...
creating preprocessor file for hid_transfer.c...
creating preprocessor file for fmc_user.c...
creating list file for fmc_user.c...
creating preprocessor file for isp_user.c...
creating preprocessor file for usbd_user.c...
compiling hid_transfer.c...
compiling fmc_user.c...
creating list file for isp_user.c...
compiling isp_user.c...
creating list file for usbd_user.c...
compiling usbd_user.c...
linking...
Program Size: Code=2256 RO-data=380 RW-data=212 ZI-data=1228  
After Build - User command #1: fromelf --bin ".\obj\ISP_HID.axf" --output ".\obj\ISP_HID.bin"
After Build - User command #2: fromelf --text -c ".\obj\ISP_HID.axf" --output ".\obj\ISP_HID.txt"
".\obj\ISP_HID.axf" - 0 Error(s), 0 Warning(s).

<h2>Software Packages used:</h2>

Package Vendor: ARM
                http://www.keil.com/pack/ARM.CMSIS.5.9.0.pack
                ARM.CMSIS.5.9.0
                CMSIS (Common Microcontroller Software Interface Standard)
   * Component: CORE Version: 5.6.0

Package Vendor: Nuvoton
                https://github.com/OpenNuvoton/cmsis-packs/raw/master/Nuvoton_DFP/Nuvoton.NuMicro_DFP.1.3.22.pack
                Nuvoton.NuMicro_DFP.1.3.22
                Nuvoton ARM Cortex-M NuMicro Family Device Support

<h2>Collection of Component include folders:</h2>
  ./RTE/_ISP_HID
  C:/Users/jcliu/AppData/Local/Arm/Packs/ARM/CMSIS/5.9.0/CMSIS/Core/Include
  C:/Users/jcliu/AppData/Local/Arm/Packs/Nuvoton/NuMicro_DFP/1.3.22/Device/M251/Include

<h2>Collection of Component Files used:</h2>

   * Component: ARM::CMSIS:CORE:5.6.0
Build Time Elapsed:  00:00:01
</pre>
</body>
</html>
